/home/yequan/miniconda3/envs/verl/lib/python3.12/site-packages/torch/cuda/__init__.py:63: FutureWarning: The pynvml package is deprecated. Please install nvidia-ml-py instead. If you did not install pynvml directly, please report this to the maintainers of the package that installed pynvml for you.
  import pynvml  # type: ignore[import]
[bits deterministic] max|d|=0.000e+00 mean=0.00e+00 PASS (tol 0.0)
[bits antithetic (odd = ~even)] max|d|=0.000e+00 mean=0.00e+00 PASS (tol 0.0)
[bits] mean sign rail0 = -0.0001 (expect ~0), frac +1 = 0.4999
[bits] non-antithetic rails 0/1 differ: 1.000 of words
[rail_bits down (rail rows)] max|d|=6.104e-05 mean=1.55e-09 PASS (tol 0.02)
[rail_bits down (clean rows untouched)] max|d|=0.000e+00 mean=0.00e+00 PASS (tol 0.0)
[rail_bits gate_up (rail rows)] max|d|=3.906e-03 mean=7.02e-09 PASS (tol 0.02)
[rail_bits gate_up (clean rows untouched)] max|d|=0.000e+00 mean=0.00e+00 PASS (tol 0.0)
[rail_lowrank r=1] max|d|=0.000e+00 mean=0.00e+00 PASS (tol 0.02)
[lowrank r=1 antithetic] max|d|=0.000e+00 mean=0.00e+00 PASS (tol 0.0)
[rail_lowrank r=4] max|d|=0.000e+00 mean=0.00e+00 PASS (tol 0.02)
[lowrank r=4 antithetic] max|d|=0.000e+00 mean=0.00e+00 PASS (tol 0.0)
[rail_lowrank r=16] max|d|=1.526e-05 mean=2.76e-10 PASS (tol 0.02)
[lowrank r=16 antithetic] max|d|=0.000e+00 mean=0.00e+00 PASS (tol 0.0)
[bits_update] max|d|=0.000e+00 mean=0.00e+00 PASS (tol 1e-06)
[lowrank_update r=4] max|d|=1.397e-09 mean=1.76e-10 PASS (tol 0.0001)
[timing full-rank rail] N= 8 bucket=1: down+gate_up 0.199 ms/token (41 MB bits -> 208 GB/s; 3.3 TFLOP/s eff)
[timing full-rank rail] N= 8 bucket=8: down+gate_up 0.207 ms/token (41 MB bits -> 199 GB/s; 25.5 TFLOP/s eff)
[timing full-rank rail] N=32 bucket=1: down+gate_up 0.545 ms/token (165 MB bits -> 303 GB/s; 4.8 TFLOP/s eff)
[timing full-rank rail] N=32 bucket=8: down+gate_up 0.563 ms/token (165 MB bits -> 294 GB/s; 37.6 TFLOP/s eff)
INFO 09-05 23:13:34 [__init__.py:216] Automatically detected platform cuda.
[fused norm rank=1: residual] max|d|=0.000e+00 mean=0.00e+00 PASS (tol 0.0)
[fused norm rank=1: normed] max|d|=0.000e+00 mean=0.00e+00 PASS (tol 0.02)
[fused silu rank=1] max|d|=0.000e+00 mean=0.00e+00 PASS (tol 0.03)
[fused qkv rank=1 qkv3: q] max|d|=3.906e-03 mean=5.30e-08 PASS (tol 0.03)
[fused qkv rank=1 qkv3: k] max|d|=0.000e+00 mean=0.00e+00 PASS (tol 0.03)
[fused qkv rank=1 qkv2: q] max|d|=0.000e+00 mean=0.00e+00 PASS (tol 0.03)
[fused qkv rank=1 qkv2: k] max|d|=0.000e+00 mean=0.00e+00 PASS (tol 0.03)
[fused norm rank=4: residual] max|d|=0.000e+00 mean=0.00e+00 PASS (tol 0.0)
[fused norm rank=4: normed] max|d|=0.000e+00 mean=0.00e+00 PASS (tol 0.02)
[fused silu rank=4] max|d|=0.000e+00 mean=0.00e+00 PASS (tol 0.03)
[fused qkv rank=4 qkv3: q] max|d|=0.000e+00 mean=0.00e+00 PASS (tol 0.03)
[fused qkv rank=4 qkv3: k] max|d|=0.000e+00 mean=0.00e+00 PASS (tol 0.03)
[fused qkv rank=4 qkv2: q] max|d|=0.000e+00 mean=0.00e+00 PASS (tol 0.03)
[fused qkv rank=4 qkv2: k] max|d|=0.000e+00 mean=0.00e+00 PASS (tol 0.03)
[fused norm rank=8: residual] max|d|=0.000e+00 mean=0.00e+00 PASS (tol 0.0)
[fused norm rank=8: normed] max|d|=0.000e+00 mean=0.00e+00 PASS (tol 0.02)
[fused silu rank=8] max|d|=7.812e-03 mean=2.61e-08 PASS (tol 0.03)
[fused qkv rank=8 qkv3: q] max|d|=7.812e-03 mean=2.12e-07 PASS (tol 0.03)
[fused qkv rank=8 qkv3: k] max|d|=1.562e-02 mean=1.19e-06 PASS (tol 0.03)
[fused qkv rank=8 qkv2: q] max|d|=0.000e+00 mean=0.00e+00 PASS (tol 0.03)
[fused qkv rank=8 qkv2: k] max|d|=0.000e+00 mean=0.00e+00 PASS (tol 0.03)
ALL_PASS
